MY_TEST_01.test_assert_strings_case_insensitive_equal_2
	Setup (normal)
	Test (exceptional)
		reason:  Developer exception.
		tag:     assert_strings_case_insensitive_equal
   expected: hELLO wORLD
   but  got: Hello World0

		class:   EXCEPTIONS
		feature: eraise
	Teardown (normal)

MY_TEST_01.test_assert_characters_equal_1
	Setup (normal)
	Test (normal)
	Teardown (normal)

MY_TEST_01.test_assert_characters_not_equal_1
	Setup (normal)
	Test (exceptional)
		reason:  Developer exception.
		tag:     assert_characters_not_equal
   got actual value: A
   should not match: A

		class:   EXCEPTIONS
		feature: eraise
	Teardown (normal)

MY_TEST_01.test_assert_booleans_equal_2
	Setup (normal)
	Test (exceptional)
		reason:  Developer exception.
		tag:     assert_booleans_equal
   expected: False
   but  got: True

		class:   EXCEPTIONS
		feature: eraise
	Teardown (normal)

MY_TEST_01.test_assert_characters_equal_2
	Setup (normal)
	Test (exceptional)
		reason:  Developer exception.
		tag:     assert_characters_equal
   expected: A
   but  got: B

		class:   EXCEPTIONS
		feature: eraise
	Teardown (normal)

MY_TEST_01.test_assert_equal_1
	Setup (normal)
	Test (normal)
	Teardown (normal)

MY_TEST_01.test_assert_not_equal_2
	Setup (normal)
	Test (normal)
	Teardown (normal)

MY_TEST_01.test_assert_not_equal_3
	Setup (normal)
	Test (normal)
	Teardown (normal)

MY_TEST_01.test_assert_same_1
	Setup (normal)
	Test (normal)
	Teardown (normal)

MY_TEST_01.test_assert_same_3
	Setup (normal)
	Test (exceptional)
		reason:  Developer exception.
		tag:     assert_same
   expected: LINKED_LIST [0x178B8F0]
  active: LINKABLE [INTEGER_32] [0x178B908]
  first_element: LINKABLE [INTEGER_32] [0x178B908]
  object_comparison: BOOLEAN = False
  before: BOOLEAN = True
  after: BOOLEAN = False
  count: INTEGER_32 = 1

   but  got: LINKED_LIST [0x178B918]
  active: LINKABLE [INTEGER_32] [0x178B930]
  first_element: LINKABLE [INTEGER_32] [0x178B930]
  object_comparison: BOOLEAN = False
  before: BOOLEAN = True
  after: BOOLEAN = False
  count: INTEGER_32 = 1


		class:   EXCEPTIONS
		feature: eraise
	Teardown (normal)

MY_TEST_01.test_assert_not_same_1
	Setup (normal)
	Test (exceptional)
		reason:  Developer exception.
		tag:     assert_not_same
   got actual value: LINKED_LIST [0x178D2D0]
  active: Void
  first_element: Void
  object_comparison: BOOLEAN = False
  before: BOOLEAN = True
  after: BOOLEAN = False
  count: INTEGER_32 = 0

   should not match: LINKED_LIST [0x178D2D0]
  active: Void
  first_element: Void
  object_comparison: BOOLEAN = False
  before: BOOLEAN = True
  after: BOOLEAN = False
  count: INTEGER_32 = 0


		class:   EXCEPTIONS
		feature: eraise
	Teardown (normal)

MY_TEST_01.test_assert_not_same_2
	Setup (normal)
	Test (normal)
	Teardown (normal)

MY_TEST_01.test_assert_integers_equal_1
	Setup (normal)
	Test (normal)
	Teardown (normal)

MY_TEST_01.test_assert_integers_equal_2
	Setup (normal)
	Test (exceptional)
		reason:  Developer exception.
		tag:     assert_integers_equal
   expected: 23987
   but  got: 22323213

		class:   EXCEPTIONS
		feature: eraise
	Teardown (normal)

MY_TEST_01.test_assert_integers_not_equal_2
	Setup (normal)
	Test (normal)
	Teardown (normal)

MY_TEST_01.test_assert_characters_not_equal_2
	Setup (normal)
	Test (normal)
	Teardown (normal)

MY_TEST_01.test_assert_booleans_equal_1
	Setup (normal)
	Test (normal)
	Teardown (normal)

MY_TEST_01.test_assert_booleans_not_equal_1
	Setup (normal)
	Test (exceptional)
		reason:  Developer exception.
		tag:     assert_booleans_not_equal
   got actual value: False
   should not match: False

		class:   EXCEPTIONS
		feature: eraise
	Teardown (normal)

MY_TEST_01.test_assert_booleans_not_equal_2
	Setup (normal)
	Test (normal)
	Teardown (normal)

MY_TEST_01.test_assert_files_equal_1
	Setup (normal)
	Test (normal)
	Teardown (normal)

MY_TEST_01.test_assert_2
	Setup (normal)
	Test (exceptional)
		reason:  Developer exception.
		tag:     assert

		class:   EXCEPTIONS
		feature: eraise
	Teardown (normal)

MY_TEST_01.test_assert_files_equal_3
	Setup (normal)
	Test (exceptional)
		reason:  Developer exception.
		tag:     assert_files_equal (diff between files '$EIFFEL_SRC\build\esbuilder.ecf' and '$EIFFEL_SRC/build/esbuilder.rc' at line 1)

		class:   EXCEPTIONS
		feature: eraise
	Teardown (normal)

MY_TEST_01.test_assert_files_equal_4
	Setup (normal)
	Test (exceptional)
		reason:  Operating system error.
		tag:     No such file or directory

		class:   FILE
		feature: file_open
	Teardown (normal)

MY_TEST_01.test_assert_filenames_equal_1
	Setup (normal)
	Test (normal)
	Teardown (normal)

MY_TEST_01.test_assert_filenames_equal_2
	Setup (normal)
	Test (exceptional)
		reason:  Developer exception.
		tag:     assert_filenames_equal (filenames '$EIFFEL_SRC\build\esbuilder.ecf' and '$EIFFEL_SRC/build/esbuilder.rc' are not equal)

		class:   EXCEPTIONS
		feature: eraise
	Teardown (normal)

MY_TEST_01.test_assert_arrays_same_1
	Setup (normal)
	Test (normal)
	Teardown (normal)

MY_TEST_01.test_assert_arrays_same_2
	Setup (normal)
	Test (exceptional)
		reason:  Developer exception.
		tag:     assert_arrays_same-item #1
   expected: LINKED_LIST [0x179FBC0]
  active: LINKABLE [INTEGER_32] [0x179FBD8]
  first_element: LINKABLE [INTEGER_32] [0x179FBD8]
  object_comparison: BOOLEAN = False
  before: BOOLEAN = True
  after: BOOLEAN = False
  count: INTEGER_32 = 1

   but  got: LINKED_LIST [0x179FBE8]
  active: LINKABLE [INTEGER_32] [0x179FC00]
  first_element: LINKABLE [INTEGER_32] [0x179FC00]
  object_comparison: BOOLEAN = False
  before: BOOLEAN = True
  after: BOOLEAN = False
  count: INTEGER_32 = 1


		class:   EXCEPTIONS
		feature: eraise
	Teardown (normal)

MY_TEST_01.test_assert_arrays_equal_1
	Setup (normal)
	Test (normal)
	Teardown (normal)

MY_TEST_01.test_assert_files_equal_2
	Setup (normal)
	Test (normal)
	Teardown (normal)

MY_TEST_01.test_assert_arrays_equal_3
	Setup (normal)
	Test (exceptional)
		reason:  Developer exception.
		tag:     assert_arrays_equal-count
   expected: 10
   but  got: 9

		class:   EXCEPTIONS
		feature: eraise
	Teardown (normal)

MY_TEST_01.test_assert_iarrays_same_1
	Setup (normal)
	Test (normal)
	Teardown (normal)

MY_TEST_01.test_assert_false_1
	Setup (normal)
	Test (normal)
	Teardown (normal)

MY_TEST_01.test_assert_iarrays_same_3
	Setup (normal)
	Test (exceptional)
		reason:  Developer exception.
		tag:     assert_iarrays_same-count
   expected: 10
   but  got: 9

		class:   EXCEPTIONS
		feature: eraise
	Teardown (normal)

MY_TEST_01.test_assert_execute_1
	Setup (normal)
	Test (normal)
	Teardown (normal)

MY_TEST_01.test_assert_execute_2
	Setup (normal)
	Test (exceptional)
		reason:  Developer exception.
		tag:     mkdir ???
   expected: 0
   but  got: 1

		class:   EXCEPTIONS
		feature: eraise
	Teardown (normal)

MY_TEST_01.test_assert_exit_code_execute_1
	Setup (bad)

MY_TEST_01.test_assert_exit_code_execute_2
	Setup (normal)
	Test (exceptional)
		reason:  Developer exception.
		tag:     echo Hello World
   expected: -1
   but  got: 0

		class:   EXCEPTIONS
		feature: eraise
	Teardown (normal)

MY_TEST_01.test_assert_not_exit_code_execute_1
	Setup (normal)
	Test (exceptional)
		reason:  Developer exception.
		tag:     echo Hello World
   got actual value: 0
   should not match: 0

		class:   EXCEPTIONS
		feature: eraise
	Teardown (normal)

MY_TEST_01.test_assert_not_exit_code_execute_2
	Setup (normal)
	Test (normal)
	Teardown (normal)

MY_TEST_01.test_assert_1
	Setup (normal)
	Test (normal)
	Teardown (normal)

MY_TEST_01.test_assert_true_1
	Setup (normal)
	Test (normal)
	Teardown (normal)

MY_TEST_01.test_assert_true_2
	Setup (normal)
	Test (exceptional)
		reason:  Developer exception.
		tag:     assert_true

		class:   EXCEPTIONS
		feature: eraise
	Teardown (normal)

MY_TEST_01.test_assert_false_2
	Setup (normal)
	Test (exceptional)
		reason:  Developer exception.
		tag:     assert_false

		class:   EXCEPTIONS
		feature: eraise
	Teardown (normal)

MY_TEST_01.test_assert_equal_2
	Setup (normal)
	Test (exceptional)
		reason:  Developer exception.
		tag:     assert_equal
   expected: LINKED_LIST [0x17882A8]
  active: Void
  first_element: Void
  object_comparison: BOOLEAN = False
  before: BOOLEAN = True
  after: BOOLEAN = False
  count: INTEGER_32 = 0

   but  got: LINKED_LIST [0x17882C0]
  active: Void
  first_element: Void
  object_comparison: BOOLEAN = False
  before: BOOLEAN = True
  after: BOOLEAN = False
  count: INTEGER_32 = 0


		class:   EXCEPTIONS
		feature: eraise
	Teardown (normal)

MY_TEST_01.test_assert_equal_3
	Setup (normal)
	Test (exceptional)
		reason:  Developer exception.
		tag:     assert_equal
   expected: LINKED_LIST [0x1789C90]
  active: LINKABLE [INTEGER_32] [0x1789CA8]
  first_element: LINKABLE [INTEGER_32] [0x1789CA8]
  object_comparison: BOOLEAN = False
  before: BOOLEAN = True
  after: BOOLEAN = False
  count: INTEGER_32 = 1

   but  got: LINKED_LIST [0x1789CB8]
  active: LINKABLE [INTEGER_32] [0x1789CD0]
  first_element: LINKABLE [INTEGER_32] [0x1789CD0]
  object_comparison: BOOLEAN = False
  before: BOOLEAN = True
  after: BOOLEAN = False
  count: INTEGER_32 = 1


		class:   EXCEPTIONS
		feature: eraise
	Teardown (normal)

MY_TEST_01.test_assert_not_equal_1
	Setup (normal)
	Test (exceptional)
		reason:  Developer exception.
		tag:     assert_not_equal
   got actual value: LINKED_LIST [0x178B700]
  active: Void
  first_element: Void
  object_comparison: BOOLEAN = False
  before: BOOLEAN = True
  after: BOOLEAN = False
  count: INTEGER_32 = 0

   should not match: LINKED_LIST [0x178B6E8]
  active: Void
  first_element: Void
  object_comparison: BOOLEAN = False
  before: BOOLEAN = True
  after: BOOLEAN = False
  count: INTEGER_32 = 0


		class:   EXCEPTIONS
		feature: eraise
	Teardown (normal)

MY_TEST_01.test_assert_same_2
	Setup (normal)
	Test (exceptional)
		reason:  Developer exception.
		tag:     assert_same
   expected: LINKED_LIST [0x178CF08]
  active: Void
  first_element: Void
  object_comparison: BOOLEAN = False
  before: BOOLEAN = True
  after: BOOLEAN = False
  count: INTEGER_32 = 0

   but  got: LINKED_LIST [0x178CF20]
  active: Void
  first_element: Void
  object_comparison: BOOLEAN = False
  before: BOOLEAN = True
  after: BOOLEAN = False
  count: INTEGER_32 = 0


		class:   EXCEPTIONS
		feature: eraise
	Teardown (normal)

MY_TEST_01.test_assert_arrays_equal_2
	Setup (normal)
	Test (exceptional)
		reason:  Developer exception.
		tag:     assert_arrays_equal-item #1
   expected: LINKED_LIST [0x178E9B0]
  active: Void
  first_element: Void
  object_comparison: BOOLEAN = False
  before: BOOLEAN = True
  after: BOOLEAN = False
  count: INTEGER_32 = 0

   but  got: LINKED_LIST [0x178E9F8]
  active: Void
  first_element: Void
  object_comparison: BOOLEAN = False
  before: BOOLEAN = True
  after: BOOLEAN = False
  count: INTEGER_32 = 0


		class:   EXCEPTIONS
		feature: eraise
	Teardown (normal)

MY_TEST_01.test_assert_not_same_3
	Setup (normal)
	Test (normal)
	Teardown (normal)

MY_TEST_01.test_assert_integers_not_equal_1
	Setup (normal)
	Test (exceptional)
		reason:  Developer exception.
		tag:     assert_integers_not_equal
   got actual value: 10000
   should not match: 10000

		class:   EXCEPTIONS
		feature: eraise
	Teardown (normal)

MY_TEST_01.test_assert_iarrays_same_2
	Setup (normal)
	Test (exceptional)
		reason:  Developer exception.
		tag:     assert_iarrays_same-item #10
   expected: 9
   but  got: 10

		class:   EXCEPTIONS
		feature: eraise
	Teardown (normal)

MY_TEST_01.test_assert_strings_equal_1
	Setup (normal)
	Test (normal)
	Teardown (normal)

MY_TEST_01.test_assert_strings_equal_2
	Setup (normal)
	Test (exceptional)
		reason:  Developer exception.
		tag:     assert_strings_equal
   expected: Hello World
   but  got: Hallo Welt

		class:   EXCEPTIONS
		feature: eraise
	Teardown (normal)

MY_TEST_01.test_assert_strings_not_equal_1
	Setup (normal)
	Test (exceptional)
		reason:  Developer exception.
		tag:     assert_strings_not_equal
   got actual value: Hello World
   should not match: Hello World

		class:   EXCEPTIONS
		feature: eraise
	Teardown (normal)

MY_TEST_01.test_assert_strings_not_equal_2
	Setup (normal)
	Test (normal)
	Teardown (normal)

MY_TEST_01.test_assert_strings_case_insensitive_equal_1
	Setup (normal)
	Test (normal)
	Teardown (normal)

