







 === CDD_TEST_ROOT_CLASS_001_MOG_THE_PERSEVERANT.test_bar

Status after last execution:

Reproduced original failure (at least once)

Last execution:
Conclusion:
	FAIL

Setup [normal]
Test [exception]
	code: 4
	name: Postcondition
	tag: false_postcondition
	feature: make@3
	class: SOME_CLASS


Teardown [normal]

Original Outcome
covers: {ROOT_CLASS}.bar
[exception]
	code: 4
	name: Postcondition
	tag: false_postcondition
	feature: make@4
	class: SOME_CLASS



 === CDD_TEST_ROOT_CLASS_002_MOG_THE_PERSEVERANT.test_make

Status after last execution:

Reproduced original failure (at least once)

Last execution:
Conclusion:
	FAIL

Setup [normal]
Test [exception]
	code: 4
	name: Postcondition
	tag: false_postcondition
	feature: make@3
	class: SOME_CLASS


Teardown [normal]

Original Outcome
covers: {ROOT_CLASS}.make
[exception]
	code: 4
	name: Postcondition
	tag: false_postcondition
	feature: make@4
	class: SOME_CLASS



 === CDD_TEST_SOME_CLASS_001_MOG_THE_PERSEVERANT.test_make

Status after last execution:

Reproduced original failure (at least once)

Last execution:
Conclusion:
	FAIL

Setup [normal]
Test [exception]
	code: 4
	name: Postcondition
	tag: false_postcondition
	feature: make@0
	class: SOME_CLASS


Teardown [normal]

Original Outcome
covers: {SOME_CLASS}.make
[exception]
	code: 4
	name: Postcondition
	tag: false_postcondition
	feature: make@4
	class: SOME_CLASS


