CDD_TEST_ROOT_CLASS_01.test_make
	Setup (normal)
	Test (exceptional)
		reason:  Precondition violated.
		tag:     an_array_valid

		class:   ROOT_CLASS
		feature: bar
	Teardown (normal)

