CDD_TEST_ROOT_CLASS_01.test_infix_
	Setup (normal)
	Test (exceptional)
		reason:  Postcondition violated.
		tag:     false_postcondition

		class:   ROOT_CLASS
		feature: infix "<"
	Teardown (normal)

CDD_TEST_ROOT_CLASS_02.test_make
	Setup (normal)
	Test (exceptional)
		reason:  Postcondition violated.
		tag:     false_postcondition

		class:   ROOT_CLASS
		feature: infix "<"
	Teardown (normal)

